// Jest Snapshot v1, https://goo.gl/fbAQLP

exports[`SettingsComponent renders 1`] = `
<mock-render>
  <app-settings>
    <div
      class="settingsnav"
    >
      <a
        class="setnav-btn"
        routerlinkactive="active"
      >
        General
      </a>
      <a
        class="setnav-btn"
        routerlinkactive="active"
      >
        Connections
      </a>
      <a
        class="setnav-btn"
        routerlinkactive="active"
      >
        Profiles
      </a>
      <a
        class="setnav-btn"
        routerlinkactive="active"
      >
        About
      </a>
    </div>
    <div
      class="settings-container"
    >
      <div
        class="settings-content"
      >
        <router-outlet />
      </div>
    </div>
  </app-settings>
</mock-render>
`;
