// Vitest Snapshot v1, https://vitest.dev/guide/snapshot.html

exports[`SettingsComponent > renders 1`] = `
<div
  _nghost-a-c3519004422=""
  id="root1"
  ng-version="21.0.5"
>
  <div
    _ngcontent-a-c3519004422=""
    class="settingsnav"
  >
    <a
      _ngcontent-a-c3519004422=""
      class="setnav-btn"
      href="/general"
      routerlinkactive="active"
    >
      General
    </a>
    <a
      _ngcontent-a-c3519004422=""
      class="setnav-btn"
      href="/connections"
      routerlinkactive="active"
    >
      Connections
    </a>
    <a
      _ngcontent-a-c3519004422=""
      class="setnav-btn"
      href="/profiles"
      routerlinkactive="active"
    >
      Profiles
    </a>
    <a
      _ngcontent-a-c3519004422=""
      class="setnav-btn"
      href="/about"
      routerlinkactive="active"
    >
      About
    </a>
  </div>
  <div
    _ngcontent-a-c3519004422=""
    class="settings-container"
  >
    <div
      _ngcontent-a-c3519004422=""
      class="settings-content"
    >
      <router-outlet
        _ngcontent-a-c3519004422=""
      />
      <!--container-->
    </div>
  </div>
</div>
`;
