// Vitest Snapshot v1, https://vitest.dev/guide/snapshot.html

exports[`LoadIndicatorComponent > renders 1`] = `
<div
  class="loading-wave"
  id="root1"
  ng-version="21.0.5"
>
  <div
    class="loading-bar"
  />
  <div
    class="loading-bar"
  />
  <div
    class="loading-bar"
  />
  <div
    class="loading-bar"
  />
</div>
`;
